these 4 paths will be fetched (650.7 KiB download, 653.7 KiB unpacked):
  /nix/store/1mwapnlq4cp2w8gnhrdaff6i768dipzf-binutils-2.46-man
  /nix/store/apb7bb8wpayr0nz018f88wihz322wqg0-binutils-wrapper-2.46-man
  /nix/store/ix08byyyfill4kbrn0ivl7zwy7544fhf-gcc-15.3.0-man
  /nix/store/369yxx3214djybhl1z4n0rhwhyxr45ay-gcc-wrapper-15.3.0-man
copying path '/nix/store/1mwapnlq4cp2w8gnhrdaff6i768dipzf-binutils-2.46-man' from 'https://mirrors.ustc.edu.cn/nix-channels/store'...
copying path '/nix/store/ix08byyyfill4kbrn0ivl7zwy7544fhf-gcc-15.3.0-man' from 'https://mirrors.ustc.edu.cn/nix-channels/store'...
copying path '/nix/store/369yxx3214djybhl1z4n0rhwhyxr45ay-gcc-wrapper-15.3.0-man' from 'https://mirrors.ustc.edu.cn/nix-channels/store'...
copying path '/nix/store/apb7bb8wpayr0nz018f88wihz322wqg0-binutils-wrapper-2.46-man' from 'https://mirrors.ustc.edu.cn/nix-channels/store'...
   Compiling proc-macro2 v1.0.106
   Compiling unicode-ident v1.0.24
   Compiling quote v1.0.45
   Compiling libc v0.2.183
   Compiling cfg-if v1.0.4
   Compiling shlex v1.3.0
   Compiling memchr v2.8.0
   Compiling bitflags v2.11.0
   Compiling pkg-config v0.3.32
   Compiling thiserror v2.0.18
   Compiling glob v0.3.3
   Compiling log v0.4.29
   Compiling find-msvc-tools v0.1.9
   Compiling autocfg v1.5.0
   Compiling regex-syntax v0.8.10
   Compiling minimal-lexical v0.2.1
   Compiling bitflags v1.3.2
   Compiling either v1.15.0
   Compiling cfg_aliases v0.2.1
   Compiling bindgen v0.72.1
   Compiling crossbeam-utils v0.8.21
   Compiling rustc-hash v2.1.1
   Compiling zerocopy v0.8.47
   Compiling serde_core v1.0.228
   Compiling zmij v1.0.21
   Compiling kvm-ioctls v0.25.0
   Compiling libloading v0.8.9
   Compiling semver v1.0.27
   Compiling rustix v1.1.4
   Compiling simd-adler32 v0.3.8
   Compiling once_cell v1.21.4
   Compiling linux-raw-sys v0.12.1
   Compiling nix v0.30.1
   Compiling serde v1.0.228
   Compiling itertools v0.13.0
   Compiling serde_json v1.0.149
   Compiling rand_core v0.10.1
   Compiling getrandom v0.4.2
   Compiling virtue v0.0.18
   Compiling rustc_version v0.4.1
   Compiling memoffset v0.9.1
   Compiling adler2 v2.0.1
   Compiling thiserror v1.0.69
   Compiling tracing-core v0.1.36
   Compiling clang-sys v1.8.1
   Compiling pin-project-lite v0.2.17
   Compiling unty v0.0.4
   Compiling nom v7.1.3
   Compiling aho-corasick v1.1.4
   Compiling rutabaga_gfx v0.1.85
   Compiling miniz_oxide v0.8.9
   Compiling static_assertions v1.1.0
   Compiling cpufeatures v0.3.0
   Compiling imago v0.2.4
   Compiling crc32fast v1.5.0
   Compiling zstd-safe v7.2.4
   Compiling itoa v1.0.18
   Compiling utf8parse v0.2.2
   Compiling chacha20 v0.10.0
   Compiling is_terminal_polyfill v1.70.2
   Compiling anstyle-parse v0.2.7
   Compiling krun-arch-gen v0.1.0-2.0.0-dev (/home/dev/cang/cang/deps/libkrun/src/arch_gen)
   Compiling anstyle v1.0.14
   Compiling anstyle-query v1.1.5
   Compiling colorchoice v1.0.5
   Compiling jiff v0.2.23
   Compiling libkrun v2.0.0-dev (/home/dev/cang/cang/deps/libkrun/src/libkrun)
   Compiling bincode_derive v2.0.1
   Compiling virtio-bindings v0.2.7
   Compiling crossbeam-channel v0.5.15
   Compiling anstream v0.6.21
   Compiling regex-automata v0.4.14
   Compiling syn v2.0.117
   Compiling flate2 v1.1.9
   Compiling bincode v2.0.1
   Compiling jobserver v0.1.34
   Compiling cc v1.2.57
   Compiling vmm-sys-util v0.15.0
   Compiling page_size v0.6.0
   Compiling caps v0.5.6
   Compiling cexpr v0.6.0
   Compiling rand v0.10.2
   Compiling kvm-bindings v0.14.1
   Compiling regex v1.12.3
   Compiling zstd-sys v2.0.16+zstd.1.5.7
   Compiling bzip2-sys v0.1.13+1.0.8
   Compiling krun-cpuid v0.1.0-2.0.0-dev (/home/dev/cang/cang/deps/libkrun/src/cpuid)
   Compiling bzip2 v0.5.2
   Compiling env_filter v1.0.0
   Compiling env_logger v0.11.9
   Compiling krun-utils v0.1.0-2.0.0-dev (/home/dev/cang/cang/deps/libkrun/src/utils)
   Compiling krun-polly v0.1.0-2.0.0-dev (/home/dev/cang/cang/deps/libkrun/src/polly)
   Compiling thiserror-impl v2.0.18
   Compiling zerocopy-derive v0.8.47
   Compiling remain v0.2.15
   Compiling tracing-attributes v0.1.31
   Compiling thiserror-impl v1.0.69
   Compiling serde_derive v1.0.228
   Compiling maybe-async v0.2.11
   Compiling zstd v0.13.3
   Compiling tracing v0.1.44
   Compiling vm-memory v0.18.0
   Compiling linux-loader v0.14.0
   Compiling krun-smbios v0.1.0-2.0.0-dev (/home/dev/cang/cang/deps/libkrun/src/smbios)
   Compiling krun-kernel v0.1.0-2.0.0-dev (/home/dev/cang/cang/deps/libkrun/src/kernel)
   Compiling krun-input v0.1.0 (/home/dev/cang/cang/deps/libkrun/src/input)
   Compiling krun-display v0.1.0 (/home/dev/cang/cang/deps/libkrun/src/display)
   Compiling acpi_tables v0.2.1
   Compiling magma-gpu v0.1.85
   Compiling krun-arch v0.1.0-2.0.0-dev (/home/dev/cang/cang/deps/libkrun/src/arch)
   Compiling krun-devices v0.1.0-2.0.0-dev (/home/dev/cang/cang/deps/libkrun/src/devices)
   Compiling rustapi-probe v0.1.0 (/home/dev/.pi/agent/sessions/--home-dev-cang-cang--/2026-09-28T06-17-08-934Z_01a0e6a8-fa46-73ef-aa0d-8caba87ef68f.jsonl.scratch/rustapi-probe)
    Finished `dev` profile [unoptimized + debuginfo] target(s) in 41.38s
